22:24:31.013 200
22:24:31.564 200
22:24:32.081 200
22:24:32.597 200
22:24:33.115 200
22:24:33.634 200
22:24:34.152 200
22:24:34.667 200
22:24:35.182 200
22:24:35.700 200
22:24:36.215 200
22:24:36.731 200
22:24:37.249 200
22:24:37.764 200
22:24:38.277 200
22:24:38.791 200
22:24:39.305 200
22:24:39.820 200
22:24:40.336 200
22:24:40.850 200
22:24:41.364 200
22:24:41.877 200
22:24:42.383 200
22:24:42.900 200
22:24:43.415 200
22:24:43.929 200
22:24:44.443 200
22:24:44.958 200
22:24:45.474 200
22:24:45.988 200
22:24:46.502 200
22:24:47.016 200
22:24:47.530 200
22:24:48.044 200
22:24:48.560 200
22:24:49.074 200
22:24:49.590 200
22:24:50.105 200
22:24:50.620 200
22:24:51.134 200
22:24:51.647 200
22:24:52.161 200
22:24:52.676 200
22:24:53.192 200
22:24:53.707 200
22:24:54.220 200
22:24:54.734 200
22:24:55.248 200
22:24:55.761 200
22:24:56.275 200
22:24:56.788 200
22:24:57.301 200
22:24:57.815 200
22:24:58.330 200
22:24:58.843 200
22:24:59.356 200
22:24:59.870 200
22:25:00.384 200
22:25:00.897 200
22:25:01.411 200
22:25:01.925 200
22:25:02.438 200
22:25:02.951 200
22:25:03.465 200
22:25:03.979 200
22:25:04.493 200
22:25:05.008 200
22:25:05.522 200
22:25:06.037 200
22:25:06.551 200
22:25:07.064 200
22:25:07.578 200
22:25:08.092 200
22:25:08.606 200
22:25:09.121 200
22:25:09.635 200
22:25:10.149 200
22:25:10.664 200
22:25:11.179 200
22:25:11.692 200
22:25:12.199 200
22:25:12.712 200
22:25:13.227 200
22:25:13.742 200
22:25:14.258 000
22:25:16.771 000
22:25:18.806 000
22:25:19.322 000
22:25:19.832 000
22:25:20.342 000
22:25:20.851 000
22:25:21.363 000
22:25:21.872 000
22:25:22.381 000
22:25:22.892 000
22:25:23.401 000
22:25:23.911 000
22:25:24.420 000
22:25:24.929 000
22:25:25.439 000
22:25:25.949 000
22:25:26.458 000
22:25:26.967 000
22:25:27.477 000
22:25:27.987 000
22:25:28.496 000
22:25:29.006 000
22:25:29.516 000
22:25:30.026 000
22:25:30.535 000
22:25:31.045 000
22:25:31.554 000
22:25:32.064 000
22:25:32.573 000
22:25:33.083 000
22:25:33.593 000
22:25:34.102 000
22:25:34.611 000
22:25:35.123 000
22:25:35.633 000
22:25:36.143 000
22:25:36.652 000
22:25:37.160 000
22:25:37.669 000
22:25:38.178 000
22:25:38.687 000
22:25:39.196 000
22:25:39.705 000
22:25:40.213 000
22:25:40.723 000
22:25:41.233 000
22:25:41.742 000
22:25:42.239 000
22:25:42.748 000
22:25:43.257 000
22:25:43.765 000
22:25:44.274 000
22:25:44.783 000
22:25:45.292 000
22:25:45.801 000
22:25:46.310 000
22:25:46.819 000
22:25:47.329 000
22:25:47.838 000
22:25:48.348 000
22:25:48.857 000
22:25:49.366 000
22:25:49.875 000
22:25:50.384 000
22:25:50.894 000
22:25:51.406 000
22:25:51.917 000
22:25:52.428 000
22:25:52.938 000
22:25:53.449 000
22:25:53.959 000
22:25:54.469 000
22:25:54.979 000
22:25:55.488 000
22:25:55.998 000
22:25:56.508 000
22:25:57.018 000
22:25:57.528 000
22:25:58.038 000
22:25:58.548 000
22:25:59.058 000
22:25:59.567 000
22:26:00.076 000
22:26:00.585 000
22:26:01.095 000
22:26:01.604 000
22:26:02.114 000
22:26:02.623 000
22:26:03.131 000
22:26:03.640 000
22:26:04.149 000
22:26:04.658 000
22:26:05.167 000
22:26:05.676 000
22:26:06.185 000
22:26:06.694 000
22:26:07.204 000
22:26:07.714 000
22:26:08.224 000
22:26:08.733 000
22:26:09.243 000
22:26:09.754 000
22:26:10.266 000
22:26:10.777 000
22:26:11.289 000
22:26:11.799 000
22:26:12.298 000
22:26:12.807 000
22:26:13.316 000
22:26:13.826 000
22:26:14.336 000
22:26:14.846 000
22:26:15.357 000
22:26:15.867 000
22:26:16.376 000
22:26:16.886 000
22:26:17.396 000
22:26:17.906 000
22:26:18.415 000
22:26:18.924 000
22:26:19.434 000
22:26:19.944 000
22:26:20.456 000
22:26:20.966 000
22:26:21.477 000
22:26:21.988 000
22:26:22.499 000
22:26:23.011 000
22:26:23.522 000
22:26:24.032 000
22:26:24.542 000
22:26:25.058 000
22:26:25.567 000
22:26:26.077 000
22:26:26.586 000
22:26:27.096 000
22:26:27.605 000
22:26:28.115 000
22:26:28.623 000
22:26:29.132 000
22:26:29.643 000
22:26:30.153 000
22:26:30.665 000
22:26:31.175 000
22:26:31.684 000
22:26:32.195 000
22:26:32.704 000
22:26:33.213 000
22:26:33.723 000
22:26:34.232 000
22:26:34.741 000
22:26:35.251 000
22:26:35.761 000
22:26:36.270 000
22:26:36.779 000
22:26:37.288 000
22:26:37.797 000
22:26:38.307 000
22:26:38.816 000
22:26:39.324 000
22:26:39.833 000
22:26:40.343 000
22:26:40.852 000
22:26:41.360 000
22:26:41.869 000
22:26:42.370 000
22:26:42.879 000
22:26:43.388 000
22:26:43.897 000
22:26:44.406 000
22:26:44.914 000
22:26:45.424 000
22:26:45.933 000
22:26:46.442 000
22:26:46.951 000
22:26:47.460 000
22:26:47.969 000
22:26:48.478 000
22:26:48.988 000
22:26:49.496 000
22:26:50.005 000
22:26:50.514 000
22:26:51.023 000
22:26:51.533 000
22:26:52.043 000
22:26:52.552 000
22:26:53.061 000
22:26:53.569 000
22:26:54.078 000
22:26:54.587 000
22:26:55.096 000
22:26:55.605 000
22:26:56.114 000
22:26:56.623 000
22:26:57.132 000
22:26:57.641 000
22:26:58.149 000
22:26:58.658 000
22:26:59.167 000
22:26:59.676 000
22:27:00.185 000
22:27:00.694 000
22:27:01.203 000
22:27:01.712 000
22:27:02.221 000
22:27:02.731 000
22:27:03.240 000
22:27:03.750 000
22:27:04.259 000
22:27:04.768 000
22:27:05.276 000
22:27:05.786 000
22:27:06.296 000
22:27:06.805 000
22:27:07.315 000
22:27:07.824 000
22:27:08.333 000
22:27:08.842 000
22:27:09.352 000
22:27:09.860 000
22:27:10.369 000
22:27:10.878 000
22:27:11.388 000
22:27:11.897 000
22:27:12.396 000
22:27:12.905 000
22:27:13.414 000
22:27:13.923 000
22:27:14.432 000
22:27:14.941 000
22:27:15.450 000
22:27:15.959 000
22:27:16.468 000
22:27:16.977 000
22:27:17.486 000
22:27:17.996 000
22:27:18.505 000
22:27:19.014 000
22:27:19.524 000
22:27:20.032 000
22:27:20.542 000
22:27:21.051 000
22:27:21.559 000
22:27:22.069 000
22:27:22.579 000
22:27:23.087 000
22:27:23.596 000
22:27:24.106 000
22:27:24.615 000
22:27:25.124 000
22:27:25.633 000
22:27:26.143 000
22:27:26.653 000
22:27:27.163 000
22:27:27.672 000
22:27:28.180 000
22:27:28.689 000
22:27:29.200 000
22:27:29.708 000
22:27:30.218 000
22:27:30.729 000
22:27:31.238 000
22:27:31.747 000
22:27:32.257 000
22:27:32.767 000
22:27:33.276 000
22:27:33.785 000
22:27:34.295 000
22:27:34.804 000
22:27:35.313 000
22:27:35.822 000
22:27:36.333 000
22:27:36.841 000
22:27:37.350 000
22:27:37.859 000
22:27:38.369 000
22:27:38.878 000
22:27:39.387 000
22:27:39.896 000
22:27:40.405 000
22:27:40.914 000
22:27:41.423 000
22:27:41.934 000
22:27:42.433 000
22:27:42.943 000
22:27:43.453 000
22:27:43.962 000
22:27:44.471 000
22:27:44.980 000
22:27:45.489 000
22:27:45.998 000
22:27:46.507 000
22:27:47.017 000
22:27:47.527 000
22:27:48.036 000
22:27:48.546 000
22:27:49.056 000
