21:27:28.016 200
21:27:28.530 200
21:27:29.044 200
21:27:29.559 200
21:27:30.074 200
21:27:30.587 200
21:27:31.100 200
21:27:31.613 200
21:27:32.127 200
21:27:32.640 200
21:27:33.153 200
21:27:33.668 200
21:27:34.181 200
21:27:34.695 200
21:27:35.209 200
21:27:35.722 200
21:27:36.238 200
21:27:36.753 200
21:27:37.267 200
21:27:37.780 200
21:27:38.292 200
21:27:38.806 200
21:27:39.320 200
21:27:39.833 200
21:27:40.348 200
21:27:40.861 200
21:27:41.375 200
21:27:41.888 200
21:27:42.402 200
21:27:42.916 200
21:27:43.416 200
21:27:43.929 200
21:27:44.443 200
21:27:44.957 200
21:27:45.472 200
21:27:45.985 200
21:27:46.498 200
21:27:47.011 200
21:27:47.526 200
21:27:48.040 200
21:27:48.556 200
21:27:49.071 200
21:27:49.585 200
21:27:50.097 200
21:27:50.611 200
21:27:51.124 200
21:27:51.638 200
21:27:52.152 200
21:27:52.665 200
21:27:53.178 200
21:27:53.693 200
21:27:54.207 200
21:27:54.720 200
21:27:55.234 200
21:27:55.747 200
21:27:56.260 200
21:27:56.774 200
21:27:57.287 200
21:27:57.800 200
21:27:58.313 200
21:27:58.826 200
21:27:59.339 200
21:27:59.852 200
21:28:00.365 200
21:28:00.879 200
21:28:01.392 200
21:28:01.907 200
21:28:02.425 200
21:28:02.938 200
21:28:03.451 200
21:28:03.965 200
21:28:04.479 200
21:28:04.993 200
21:28:05.505 200
21:28:06.018 200
21:28:06.533 200
21:28:07.046 200
21:28:07.559 200
21:28:08.073 200
21:28:08.586 200
21:28:09.099 200
21:28:09.612 200
21:28:10.125 200
21:28:10.638 200
21:28:11.152 200
21:28:11.666 200
21:28:12.179 200
21:28:12.694 200
21:28:13.200 200
21:28:13.713 200
21:28:14.228 200
