10:24:05.755 200
10:24:06.293 200
10:24:06.806 200
10:24:07.319 200
10:24:07.833 200
10:24:08.349 200
10:24:08.865 200
10:24:09.365 200
10:24:09.878 200
10:24:10.391 200
10:24:10.906 200
10:24:11.420 200
10:24:11.933 200
10:24:12.447 200
10:24:12.961 200
10:24:13.474 200
10:24:13.988 200
10:24:14.501 200
10:24:15.014 200
10:24:15.527 200
10:24:16.039 200
10:24:16.553 200
10:24:17.066 200
10:24:17.578 200
10:24:18.092 200
10:24:18.605 200
10:24:19.118 200
10:24:19.630 200
10:24:20.143 200
10:24:20.657 200
10:24:21.171 200
10:24:21.684 200
10:24:22.198 200
10:24:22.711 200
10:24:23.224 200
10:24:23.737 200
10:24:24.250 200
10:24:24.763 502
10:24:25.277 503
10:24:25.791 503
10:24:26.303 503
10:24:26.815 503
10:24:27.326 503
10:24:27.837 503
10:24:28.349 503
10:24:28.860 503
10:24:29.371 503
10:24:29.882 503
10:24:30.394 503
10:24:30.906 503
10:24:31.419 503
10:24:31.931 503
10:24:32.443 200
10:24:32.958 200
10:24:33.471 200
10:24:33.984 200
10:24:34.497 200
10:24:35.010 200
10:24:35.523 200
10:24:36.037 200
10:24:36.550 200
10:24:37.063 200
10:24:37.576 200
10:24:38.089 200
10:24:38.603 200
10:24:39.115 200
10:24:39.628 200
10:24:40.142 200
10:24:40.657 200
10:24:41.171 200
10:24:41.684 200
10:24:42.197 200
10:24:42.709 200
10:24:43.223 200
10:24:43.736 200
10:24:44.250 200
10:24:44.764 200
10:24:45.278 200
10:24:45.792 200
10:24:46.305 200
10:24:46.818 200
10:24:47.330 200
10:24:47.844 200
10:24:48.357 200
