20:36:41.094 200
20:36:41.609 200
20:36:42.124 200
20:36:42.639 200
20:36:43.153 200
20:36:43.657 200
20:36:44.170 200
20:36:44.683 200
20:36:45.198 200
20:36:45.712 200
20:36:46.226 200
20:36:46.739 200
20:36:47.252 200
20:36:47.766 200
20:36:48.279 200
20:36:48.793 200
20:36:49.306 200
20:36:49.820 200
20:36:50.334 200
20:36:50.848 200
20:36:51.362 200
20:36:51.875 200
20:36:52.389 200
20:36:52.902 200
20:36:53.415 200
20:36:53.929 200
20:36:54.443 200
20:36:54.955 200
20:36:55.470 200
20:36:55.984 200
20:36:56.497 200
20:36:57.011 200
20:36:57.525 200
20:36:58.038 200
20:36:58.553 000
20:37:01.068 503
20:37:01.581 503
20:37:02.093 200
20:37:02.607 200
20:37:03.121 200
20:37:03.635 200
20:37:04.148 200
20:37:04.662 200
20:37:05.175 200
20:37:05.689 200
20:37:06.202 200
20:37:06.715 200
20:37:07.229 200
20:37:07.742 200
20:37:08.256 200
20:37:08.770 200
20:37:09.287 200
20:37:09.801 200
20:37:10.314 200
20:37:10.828 200
20:37:11.342 200
20:37:11.855 200
20:37:12.369 200
20:37:12.884 200
20:37:13.402 200
20:37:13.909 200
20:37:14.425 200
20:37:14.939 200
20:37:15.453 200
20:37:15.968 200
20:37:16.481 200
20:37:16.994 200
20:37:17.507 200
20:37:18.020 200
20:37:18.533 200
20:37:19.046 200
20:37:19.560 200
20:37:20.073 200
