13:17:57.135 200
13:17:57.650 200
13:17:58.165 200
13:17:58.679 200
13:17:59.192 200
13:17:59.709 200
13:18:00.223 200
13:18:00.737 200
13:18:01.251 200
13:18:01.765 200
13:18:02.280 200
13:18:02.793 200
13:18:03.306 200
13:18:03.821 200
13:18:04.335 200
13:18:04.850 200
13:18:05.367 200
13:18:05.881 200
13:18:06.394 200
13:18:06.906 200
13:18:07.419 200
13:18:07.933 200
13:18:08.440 200
13:18:08.953 200
13:18:09.467 200
13:18:09.980 200
13:18:10.494 200
13:18:11.007 200
13:18:11.522 200
13:18:12.036 200
13:18:12.550 200
13:18:13.063 200
13:18:13.575 200
13:18:14.088 200
13:18:14.601 200
13:18:15.114 200
13:18:15.628 200
13:18:16.141 200
13:18:16.654 200
13:18:17.168 200
13:18:17.686 200
13:18:18.199 200
13:18:18.714 200
13:18:19.228 200
13:18:19.741 200
13:18:20.255 200
13:18:20.770 200
13:18:21.285 200
13:18:21.797 200
13:18:22.311 200
13:18:22.824 200
13:18:23.337 200
13:18:23.850 200
13:18:24.363 200
13:18:24.875 200
13:18:25.388 200
13:18:25.901 200
13:18:26.413 200
13:18:26.927 200
13:18:27.441 200
13:18:27.956 200
13:18:28.469 200
13:18:28.983 200
13:18:29.497 200
13:18:30.010 200
13:18:30.524 200
13:18:31.037 200
13:18:31.554 200
13:18:32.069 200
13:18:32.583 200
13:18:33.097 200
13:18:33.610 200
13:18:34.124 200
13:18:34.638 200
13:18:35.151 200
13:18:35.664 200
13:18:36.177 200
13:18:36.691 200
13:18:37.203 200
13:18:37.716 200
13:18:38.226 200
13:18:38.743 200
13:18:39.256 200
13:18:39.768 200
13:18:40.281 200
13:18:40.794 200
13:18:41.308 200
13:18:41.821 200
13:18:42.334 200
13:18:42.847 200
13:18:43.360 200
13:18:43.873 200
13:18:44.387 200
13:18:44.900 200
13:18:45.413 200
13:18:45.927 200
13:18:46.440 200
13:18:46.954 200
13:18:47.467 200
13:18:47.981 200
13:18:48.495 200
13:18:49.010 200
13:18:49.523 200
13:18:50.036 200
13:18:50.549 200
13:18:51.064 200
13:18:51.579 200
13:18:52.094 200
13:18:52.609 200
13:18:53.123 200
13:18:53.636 200
13:18:54.150 200
13:18:54.663 200
13:18:55.176 200
13:18:55.689 200
13:18:56.203 200
13:18:56.715 200
13:18:57.228 200
13:18:57.745 200
13:18:58.260 200
13:18:58.773 200
13:18:59.286 200
13:18:59.799 200
13:19:00.313 200
13:19:00.827 200
13:19:01.340 200
13:19:01.853 200
13:19:02.366 200
13:19:02.879 200
13:19:03.393 200
13:19:03.906 200
13:19:04.422 200
13:19:04.935 200
13:19:05.448 200
13:19:05.962 200
13:19:06.475 200
13:19:06.988 200
13:19:07.501 200
13:19:08.014 200
13:19:08.508 200
13:19:09.022 200
13:19:09.537 200
13:19:10.049 200
13:19:10.562 200
13:19:11.075 200
13:19:11.588 200
13:19:12.103 200
13:19:12.616 200
13:19:13.131 200
13:19:13.643 200
13:19:14.159 200
13:19:14.674 200
13:19:15.187 200
13:19:15.699 200
13:19:16.213 200
13:19:16.728 200
13:19:17.242 200
13:19:17.759 200
13:19:18.280 200
13:19:18.795 200
13:19:19.310 200
13:19:19.825 200
13:19:20.339 200
13:19:20.854 200
13:19:21.369 200
13:19:21.883 200
13:19:22.399 200
13:19:22.913 200
13:19:23.427 200
13:19:23.943 200
13:19:24.457 200
13:19:24.971 200
13:19:25.489 200
13:19:26.007 200
13:19:26.523 200
13:19:27.037 200
13:19:27.551 200
13:19:28.064 200
13:19:28.576 200
13:19:29.089 200
13:19:29.603 200
13:19:30.116 200
13:19:30.628 200
13:19:31.141 200
13:19:31.653 200
13:19:32.167 200
13:19:32.681 200
13:19:33.194 200
13:19:33.706 200
13:19:34.218 200
13:19:34.732 200
13:19:35.247 200
13:19:35.762 200
13:19:36.276 200
13:19:36.789 200
13:19:37.303 200
13:19:37.818 200
13:19:38.319 200
13:19:38.834 200
13:19:39.346 200
13:19:39.860 200
13:19:40.373 200
13:19:40.887 200
13:19:41.401 200
13:19:41.916 200
13:19:42.430 200
13:19:42.946 200
13:19:43.460 200
13:19:43.974 200
13:19:44.490 200
13:19:45.002 200
13:19:45.517 200
13:19:46.030 200
13:19:46.543 200
13:19:47.056 200
13:19:47.569 200
13:19:48.081 200
13:19:48.594 200
13:19:49.106 200
13:19:49.621 200
13:19:50.137 200
13:19:50.652 200
13:19:51.165 200
13:19:51.679 200
13:19:52.192 200
13:19:52.706 200
13:19:53.220 200
13:19:53.737 200
13:19:54.251 200
13:19:54.765 200
13:19:55.277 200
13:19:55.790 200
13:19:56.303 200
13:19:56.816 200
13:19:57.329 200
13:19:57.842 200
13:19:58.354 200
13:19:58.867 200
13:19:59.379 200
13:19:59.892 200
13:20:00.405 200
13:20:00.918 200
