20:38:02.684 200
20:38:03.198 200
20:38:03.713 200
20:38:04.226 200
20:38:04.741 200
20:38:05.255 200
20:38:05.768 200
20:38:06.281 200
20:38:06.795 200
20:38:07.307 200
20:38:07.821 200
20:38:08.334 200
20:38:08.847 200
20:38:09.360 200
20:38:09.873 200
20:38:10.387 200
20:38:10.900 200
20:38:11.415 200
20:38:11.928 200
20:38:12.442 200
20:38:12.955 200
20:38:13.468 200
20:38:13.966 200
20:38:14.479 200
20:38:14.992 200
20:38:15.509 200
20:38:16.023 200
20:38:16.537 200
20:38:17.052 200
20:38:17.565 200
20:38:18.079 200
20:38:18.592 200
20:38:19.105 200
20:38:19.618 200
20:38:20.132 200
20:38:20.646 200
20:38:21.159 200
20:38:21.673 200
20:38:22.187 200
20:38:22.701 200
20:38:23.215 502
20:38:23.732 503
20:38:24.244 503
20:38:24.756 503
20:38:25.269 503
20:38:25.782 503
20:38:26.295 503
20:38:26.808 200
20:38:27.322 200
20:38:27.836 200
20:38:28.351 200
20:38:28.865 200
20:38:29.379 200
20:38:29.892 200
20:38:30.406 200
20:38:30.919 200
20:38:31.432 200
20:38:31.948 200
20:38:32.461 200
20:38:32.976 200
20:38:33.491 200
20:38:34.005 200
20:38:34.521 200
20:38:35.035 200
20:38:35.550 200
20:38:36.064 200
20:38:36.577 200
20:38:37.092 200
20:38:37.607 200
20:38:38.119 200
20:38:38.633 200
20:38:39.147 200
20:38:39.661 200
20:38:40.175 200
20:38:40.688 200
20:38:41.201 200
20:38:41.715 200
20:38:42.228 200
20:38:42.741 200
20:38:43.255 200
20:38:43.760 200
20:38:44.276 200
20:38:44.789 200
