22:29:27.691 200
22:29:28.206 200
22:29:28.719 200
22:29:29.233 200
22:29:29.747 200
22:29:30.251 200
22:29:30.765 200
22:29:31.278 200
22:29:31.791 200
22:29:32.305 200
22:29:32.824 200
22:29:33.336 200
22:29:33.849 200
22:29:34.363 200
22:29:34.877 200
22:29:35.390 200
22:29:35.904 200
22:29:36.418 200
22:29:36.931 200
22:29:37.446 200
22:29:37.959 200
22:29:38.475 200
22:29:38.988 200
22:29:39.502 200
22:29:40.015 200
22:29:40.528 200
22:29:41.043 200
22:29:41.556 200
22:29:42.069 200
22:29:42.583 200
22:29:43.095 200
22:29:43.608 200
22:29:44.120 200
22:29:44.633 200
22:29:45.147 200
22:29:45.659 200
22:29:46.172 200
22:29:46.685 200
22:29:47.198 000
22:29:49.712 503
22:29:50.225 503
22:29:50.737 503
22:29:51.249 503
22:29:51.763 503
22:29:52.275 503
22:29:52.788 503
22:29:53.302 503
22:29:53.814 503
22:29:54.326 200
22:29:54.841 200
22:29:55.353 200
22:29:55.867 200
22:29:56.380 200
22:29:56.892 200
22:29:57.405 200
22:29:57.919 200
22:29:58.432 200
22:29:58.944 200
22:29:59.457 200
22:29:59.965 200
22:30:00.478 200
22:30:00.991 200
22:30:01.504 200
22:30:02.015 200
22:30:02.530 200
22:30:03.044 200
22:30:03.557 200
22:30:04.070 200
22:30:04.583 200
22:30:05.095 200
22:30:05.608 200
22:30:06.122 200
22:30:06.636 200
22:30:07.149 200
22:30:07.664 200
22:30:08.180 200
22:30:08.694 200
22:30:09.207 200
22:30:09.721 200
22:30:10.234 200
22:30:10.747 200
22:30:11.259 200
22:30:11.773 200
22:30:12.286 200
22:30:12.799 200
22:30:13.312 200
22:30:13.826 200
22:30:14.339 200
22:30:14.853 200
22:30:15.367 200
22:30:15.880 200
22:30:16.394 200
22:30:16.907 200
22:30:17.419 200
22:30:17.932 200
22:30:18.445 200
22:30:18.957 200
22:30:19.470 200
22:30:19.984 200
22:30:20.496 200
22:30:21.009 200
22:30:21.522 200
22:30:22.035 200
