22:26:05.795 200
22:26:06.348 200
22:26:06.868 200
22:26:07.385 200
22:26:07.908 200
22:26:08.421 200
22:26:08.937 200
22:26:09.452 200
22:26:09.967 200
22:26:10.482 200
22:26:10.998 200
22:26:11.513 200
22:26:12.028 200
22:26:12.542 200
22:26:13.056 200
22:26:13.571 200
22:26:14.084 200
22:26:14.598 200
22:26:15.112 200
22:26:15.626 200
22:26:16.141 200
22:26:16.656 200
22:26:17.170 200
22:26:17.684 200
22:26:18.197 200
22:26:18.713 200
22:26:19.227 200
22:26:19.741 200
22:26:20.255 200
22:26:20.771 200
22:26:21.283 200
22:26:21.797 200
22:26:22.311 200
22:26:22.826 200
22:26:23.341 200
22:26:23.856 200
22:26:24.370 200
22:26:24.883 200
22:26:25.401 200
22:26:25.917 200
22:26:26.432 200
22:26:26.947 200
22:26:27.461 200
22:26:27.976 200
22:26:28.491 200
22:26:29.006 200
22:26:29.521 200
22:26:30.011 200
22:26:30.527 200
22:26:31.042 200
22:26:31.558 200
22:26:32.070 200
22:26:32.584 200
22:26:33.097 200
22:26:33.612 200
22:26:34.125 200
22:26:34.637 200
22:26:35.150 200
22:26:35.663 200
22:26:36.176 200
22:26:36.690 200
22:26:37.204 200
22:26:37.719 200
22:26:38.233 200
22:26:38.748 200
22:26:39.262 200
22:26:39.778 000
22:26:42.291 503
22:26:42.803 503
22:26:43.316 503
22:26:43.830 503
22:26:44.344 503
22:26:44.856 503
22:26:45.369 503
22:26:45.882 503
22:26:46.395 503
22:26:46.907 200
22:26:47.423 200
22:26:47.936 200
22:26:48.451 200
22:26:48.965 200
22:26:49.479 200
22:26:49.992 200
22:26:50.505 200
22:26:51.019 200
22:26:51.533 200
22:26:52.048 200
22:26:52.561 200
22:26:53.074 200
22:26:53.587 200
22:26:54.100 200
22:26:54.613 200
22:26:55.128 200
22:26:55.641 200
22:26:56.154 200
22:26:56.667 200
22:26:57.180 200
22:26:57.692 200
22:26:58.206 200
22:26:58.719 200
22:26:59.231 200
22:26:59.748 200
22:27:00.242 200
22:27:00.757 200
22:27:01.274 200
22:27:01.787 200
22:27:02.301 200
22:27:02.815 200
22:27:03.330 200
22:27:03.844 200
22:27:04.358 200
22:27:04.871 200
22:27:05.385 200
22:27:05.898 200
22:27:06.411 200
22:27:06.924 200
22:27:07.436 200
22:27:07.949 200
22:27:08.462 200
22:27:08.975 200
22:27:09.487 200
22:27:10.000 200
22:27:10.514 200
22:27:11.029 200
