12:47:16.019 200
12:47:16.558 200
12:47:17.074 200
12:47:17.592 200
12:47:18.112 200
12:47:18.629 200
12:47:19.146 200
12:47:19.662 200
12:47:20.179 200
12:47:20.695 200
12:47:21.211 200
12:47:21.727 200
12:47:22.243 200
12:47:22.757 200
12:47:23.275 200
12:47:23.790 200
12:47:24.307 200
12:47:24.823 200
12:47:25.341 200
12:47:25.856 200
12:47:26.371 200
12:47:26.885 200
12:47:27.400 200
12:47:27.913 200
12:47:28.427 200
12:47:28.940 200
12:47:29.455 200
12:47:29.969 200
12:47:30.482 200
12:47:30.996 200
12:47:31.510 200
12:47:32.026 200
12:47:32.544 200
12:47:33.060 200
12:47:33.573 200
12:47:34.086 200
12:47:34.600 200
12:47:35.113 200
12:47:35.627 200
12:47:36.140 200
12:47:36.653 200
12:47:37.167 200
12:47:37.681 200
12:47:38.196 200
12:47:38.709 200
12:47:39.214 200
12:47:39.728 200
12:47:40.241 200
12:47:40.754 200
12:47:41.267 200
12:47:41.781 200
12:47:42.293 200
12:47:42.806 200
12:47:43.319 200
12:47:43.832 200
12:47:44.346 200
12:47:44.861 200
12:47:45.374 200
12:47:45.888 200
12:47:46.402 200
12:47:46.915 200
12:47:47.430 200
12:47:47.944 200
12:47:48.462 200
12:47:48.977 200
12:47:49.492 200
12:47:50.005 200
12:47:50.519 200
12:47:51.032 200
12:47:51.546 200
12:47:52.059 200
12:47:52.572 200
12:47:53.085 200
12:47:53.598 200
12:47:54.111 200
12:47:54.624 200
12:47:55.136 200
12:47:55.649 200
12:47:56.162 200
12:47:56.675 200
12:47:57.189 200
12:47:57.704 200
12:47:58.217 200
12:47:58.729 200
12:47:59.242 200
12:47:59.755 200
12:48:00.268 200
12:48:00.781 200
12:48:01.295 200
12:48:01.808 200
12:48:02.321 200
12:48:02.834 200
12:48:03.347 200
12:48:03.860 200
12:48:04.373 200
12:48:04.887 200
12:48:05.403 200
12:48:05.916 200
12:48:06.430 200
12:48:06.944 200
12:48:07.458 200
12:48:07.972 200
12:48:08.485 200
12:48:08.993 200
12:48:09.506 200
12:48:10.019 200
12:48:10.533 200
12:48:11.046 200
12:48:11.559 200
12:48:12.073 200
12:48:12.586 200
12:48:13.100 200
12:48:13.613 200
12:48:14.126 200
12:48:14.640 200
12:48:15.159 200
12:48:15.674 200
12:48:16.189 200
12:48:16.704 200
12:48:17.221 200
12:48:17.735 200
12:48:18.252 200
12:48:18.766 200
12:48:19.281 200
12:48:19.796 200
12:48:20.312 200
12:48:20.827 200
12:48:21.342 200
12:48:21.857 200
12:48:22.372 200
12:48:22.886 200
12:48:23.400 200
12:48:23.913 200
12:48:24.427 200
12:48:24.940 200
12:48:25.453 200
12:48:25.966 200
12:48:26.481 200
12:48:26.995 200
12:48:27.509 200
12:48:28.023 200
12:48:28.537 200
12:48:29.050 200
12:48:29.563 200
12:48:30.076 200
12:48:30.589 200
12:48:31.104 200
12:48:31.618 200
12:48:32.136 200
12:48:32.650 200
12:48:33.163 200
12:48:33.677 200
12:48:34.190 200
12:48:34.703 200
12:48:35.218 200
12:48:35.731 200
12:48:36.244 200
12:48:36.757 200
12:48:37.272 200
12:48:37.789 200
12:48:38.303 200
12:48:38.795 200
12:48:39.308 200
12:48:39.821 200
12:48:40.334 200
12:48:40.848 200
12:48:41.361 200
12:48:41.874 200
12:48:42.388 200
12:48:42.902 200
12:48:43.415 200
12:48:43.929 200
12:48:44.442 200
12:48:44.957 200
12:48:45.471 200
12:48:45.986 200
12:48:46.501 200
12:48:47.015 200
12:48:47.529 200
12:48:48.043 200
12:48:48.559 200
12:48:49.075 200
12:48:49.589 200
12:48:50.104 200
12:48:50.619 200
12:48:51.134 200
12:48:51.652 200
12:48:52.166 200
12:48:52.680 200
12:48:53.194 200
12:48:53.709 200
12:48:54.223 200
12:48:54.738 200
12:48:55.253 200
12:48:55.767 200
12:48:56.282 200
12:48:56.797 200
12:48:57.312 200
12:48:57.826 200
12:48:58.341 200
12:48:58.855 200
12:48:59.371 502
12:48:59.886 502
12:49:00.401 502
12:49:00.914 503
12:49:01.429 503
12:49:01.941 503
12:49:02.452 503
12:49:02.964 503
12:49:03.476 503
12:49:03.988 503
12:49:04.500 503
12:49:05.012 503
12:49:05.525 503
12:49:06.037 503
12:49:06.548 503
12:49:07.061 200
12:49:07.575 200
12:49:08.087 200
12:49:08.600 200
12:49:09.105 200
12:49:09.618 200
12:49:10.130 200
12:49:10.643 200
12:49:11.157 200
12:49:11.671 200
12:49:12.186 200
12:49:12.700 200
12:49:13.213 200
