11:07:57.090 200
11:07:57.627 200
11:07:58.142 200
11:07:58.656 200
11:07:59.173 200
11:07:59.688 200
11:08:00.203 200
11:08:00.716 200
11:08:01.229 200
11:08:01.742 200
11:08:02.260 200
11:08:02.774 200
11:08:03.289 200
11:08:03.802 200
11:08:04.315 200
11:08:04.828 200
11:08:05.341 200
11:08:05.855 200
11:08:06.368 200
11:08:06.882 200
11:08:07.395 200
11:08:07.902 200
11:08:08.414 200
11:08:08.927 200
11:08:09.441 200
11:08:09.953 200
11:08:10.465 200
11:08:10.978 200
11:08:11.491 200
11:08:12.003 200
11:08:12.517 200
11:08:13.029 200
11:08:13.542 200
11:08:14.055 502
11:08:14.569 503
11:08:15.081 503
11:08:15.594 503
11:08:16.106 503
11:08:16.619 503
11:08:17.132 503
11:08:17.644 503
11:08:18.156 503
11:08:18.670 503
11:08:19.183 503
11:08:19.695 503
11:08:20.208 503
11:08:20.720 503
11:08:21.234 200
11:08:21.747 200
11:08:22.261 200
11:08:22.774 200
11:08:23.287 200
11:08:23.800 200
11:08:24.314 200
11:08:24.828 200
11:08:25.343 200
11:08:25.856 200
11:08:26.369 200
11:08:26.885 200
11:08:27.398 200
11:08:27.911 200
11:08:28.424 200
11:08:28.938 200
11:08:29.451 200
11:08:29.965 200
11:08:30.480 200
11:08:30.994 200
11:08:31.507 200
11:08:32.020 200
11:08:32.533 200
11:08:33.045 200
11:08:33.559 200
11:08:34.071 200
11:08:34.584 200
11:08:35.097 200
11:08:35.610 200
11:08:36.123 200
11:08:36.637 200
11:08:37.150 200
11:08:37.663 200
11:08:38.155 200
11:08:38.668 200
11:08:39.183 200
11:08:39.698 200
11:08:40.213 200
11:08:40.727 200
11:08:41.240 200
11:08:41.753 200
11:08:42.267 200
11:08:42.781 200
11:08:43.294 200
11:08:43.807 200
11:08:44.321 200
11:08:44.835 200
11:08:45.349 200
11:08:45.863 200
11:08:46.377 200
11:08:46.891 200
11:08:47.408 200
11:08:47.921 200
11:08:48.435 200
11:08:48.949 200
11:08:49.463 200
11:08:49.976 200
11:08:50.490 200
11:08:51.003 200
11:08:51.518 200
11:08:52.033 200
11:08:52.546 200
11:08:53.061 200
11:08:53.574 200
11:08:54.087 200
11:08:54.600 200
11:08:55.113 200
11:08:55.626 200
11:08:56.140 200
11:08:56.655 200
11:08:57.168 200
11:08:57.683 200
11:08:58.197 200
11:08:58.711 200
11:08:59.226 200
11:08:59.740 200
11:09:00.254 200
11:09:00.767 200
11:09:01.282 200
11:09:01.796 200
11:09:02.309 200
11:09:02.824 200
11:09:03.338 200
11:09:03.851 200
11:09:04.365 200
11:09:04.879 200
11:09:05.391 200
11:09:05.906 200
11:09:06.420 200
11:09:06.933 200
