21:02:33.284 200
21:02:33.821 200
21:02:34.336 200
21:02:34.851 200
21:02:35.365 200
21:02:35.881 200
21:02:36.416 200
21:02:36.929 200
21:02:37.442 200
21:02:37.955 200
21:02:38.468 200
21:02:38.982 200
21:02:39.496 200
21:02:40.009 200
21:02:40.522 200
21:02:41.035 200
21:02:41.548 200
21:02:42.061 200
21:02:42.574 200
21:02:43.087 200
21:02:43.592 200
21:02:44.105 200
21:02:44.619 200
21:02:45.132 200
21:02:45.644 200
21:02:46.159 200
21:02:46.672 200
21:02:47.186 200
21:02:47.700 200
21:02:48.213 200
21:02:48.726 200
21:02:49.239 200
21:02:49.752 200
21:02:50.265 200
21:02:50.778 200
21:02:51.291 200
21:02:51.803 200
21:02:52.317 200
21:02:52.833 200
21:02:53.346 200
21:02:53.859 200
21:02:54.373 200
21:02:54.886 200
21:02:55.399 200
21:02:55.913 200
21:02:56.426 200
21:02:56.939 200
21:02:57.452 200
21:02:57.966 200
21:02:58.479 200
21:02:58.992 200
21:02:59.507 200
21:03:00.023 200
21:03:00.537 200
21:03:01.049 200
21:03:01.562 200
21:03:02.075 200
21:03:02.591 200
21:03:03.106 200
21:03:03.619 200
21:03:04.133 200
21:03:04.647 200
21:03:05.160 200
21:03:05.673 200
21:03:06.186 200
21:03:06.700 200
21:03:07.213 200
21:03:07.726 200
21:03:08.239 200
21:03:08.751 200
21:03:09.264 200
21:03:09.779 200
21:03:10.294 200
21:03:10.807 200
21:03:11.320 200
21:03:11.833 200
21:03:12.347 200
21:03:12.861 200
21:03:13.370 200
21:03:13.884 200
21:03:14.397 200
21:03:14.910 200
21:03:15.423 200
21:03:15.937 200
21:03:16.453 200
21:03:16.968 200
21:03:17.481 200
21:03:17.994 200
21:03:18.507 200
21:03:19.020 200
21:03:19.535 200
21:03:20.049 200
21:03:20.563 200
21:03:21.076 200
21:03:21.588 200
21:03:22.102 200
21:03:22.615 200
21:03:23.127 200
21:03:23.640 200
21:03:24.153 200
21:03:24.667 200
21:03:25.180 200
21:03:25.693 200
21:03:26.209 200
21:03:26.721 200
21:03:27.234 200
21:03:27.748 200
21:03:28.261 200
21:03:28.774 200
21:03:29.288 200
21:03:29.801 200
21:03:30.314 200
21:03:30.827 200
21:03:31.341 200
21:03:31.857 200
21:03:32.372 200
21:03:32.887 200
21:03:33.403 200
21:03:33.917 200
21:03:34.430 200
21:03:34.944 200
21:03:35.458 200
21:03:35.973 200
21:03:36.485 200
21:03:37.002 200
21:03:37.516 200
21:03:38.030 200
21:03:38.545 200
21:03:39.059 200
21:03:39.573 200
21:03:40.087 200
21:03:40.605 200
21:03:41.120 200
21:03:41.634 200
21:03:42.149 200
21:03:42.664 200
21:03:43.178 200
21:03:43.687 503
21:03:44.200 503
21:03:44.713 503
21:03:45.225 503
21:03:45.737 503
21:03:46.249 503
21:03:46.762 200
21:03:47.277 200
21:03:47.791 200
21:03:48.306 200
21:03:48.820 200
21:03:49.333 200
21:03:49.847 200
21:03:50.364 200
21:03:50.879 200
21:03:51.392 200
21:03:51.905 200
21:03:52.419 200
21:03:52.932 200
21:03:53.447 200
21:03:53.960 200
21:03:54.474 200
21:03:54.987 200
21:03:55.503 200
21:03:56.016 200
21:03:56.530 200
21:03:57.043 200
21:03:57.556 200
21:03:58.070 200
21:03:58.584 200
21:03:59.097 200
21:03:59.610 200
21:04:00.124 200
21:04:00.638 200
21:04:01.153 200
21:04:01.667 200
21:04:02.180 200
21:04:02.695 200
21:04:03.209 200
21:04:03.722 200
21:04:04.236 200
21:04:04.751 200
21:04:05.267 200
21:04:05.780 200
21:04:06.294 200
21:04:06.809 200
21:04:07.322 200
21:04:07.835 200
21:04:08.349 200
21:04:08.861 200
21:04:09.375 200
21:04:09.888 200
21:04:10.401 200
21:04:10.915 200
21:04:11.428 200
21:04:11.941 200
21:04:12.455 200
21:04:12.970 200
21:04:13.478 200
