21:05:05.683 200
21:05:06.199 200
21:05:06.713 200
21:05:07.227 200
21:05:07.743 200
21:05:08.257 200
21:05:08.772 200
21:05:09.287 200
21:05:09.800 200
21:05:10.314 200
21:05:10.830 200
21:05:11.346 200
21:05:11.862 200
21:05:12.376 200
21:05:12.892 200
21:05:13.405 200
21:05:13.920 200
21:05:14.434 200
21:05:14.950 200
21:05:15.465 200
21:05:15.980 200
21:05:16.495 200
21:05:17.010 200
21:05:17.524 200
21:05:18.038 200
21:05:18.553 200
21:05:19.069 200
21:05:19.582 200
21:05:20.095 200
21:05:20.609 200
21:05:21.123 200
21:05:21.636 200
21:05:22.150 200
21:05:22.663 200
21:05:23.178 200
21:05:23.696 200
21:05:24.208 200
21:05:24.723 200
21:05:25.237 200
21:05:25.751 200
21:05:26.264 200
21:05:26.777 200
21:05:27.290 200
21:05:27.803 200
21:05:28.317 200
21:05:28.832 200
21:05:29.347 503
21:05:29.858 503
21:05:30.370 503
21:05:30.881 503
21:05:31.393 503
21:05:31.906 503
21:05:32.418 200
21:05:32.931 200
21:05:33.444 200
21:05:33.959 200
21:05:34.473 200
21:05:34.987 200
21:05:35.500 200
21:05:36.012 200
21:05:36.526 200
21:05:37.040 200
21:05:37.554 200
21:05:38.068 200
21:05:38.580 200
21:05:39.094 200
21:05:39.607 200
21:05:40.119 200
21:05:40.634 200
21:05:41.147 200
21:05:41.660 200
21:05:42.173 200
21:05:42.686 200
21:05:43.199 200
21:05:43.706 200
21:05:44.219 200
21:05:44.735 200
21:05:45.250 200
21:05:45.764 200
21:05:46.277 200
21:05:46.790 200
21:05:47.303 200
21:05:47.818 200
21:05:48.332 200
21:05:48.846 200
21:05:49.360 200
21:05:49.873 200
21:05:50.386 200
21:05:50.899 200
21:05:51.413 200
21:05:51.926 200
21:05:52.439 200
21:05:52.953 200
21:05:53.466 200
21:05:53.978 200
21:05:54.492 200
21:05:55.006 200
21:05:55.519 200
21:05:56.032 200
21:05:56.545 200
21:05:57.058 200
21:05:57.571 200
21:05:58.084 200
21:05:58.598 200
21:05:59.112 200
21:05:59.626 200
21:06:00.140 200
21:06:00.654 200
21:06:01.168 200
21:06:01.681 200
21:06:02.194 200
21:06:02.707 200
21:06:03.221 200
21:06:03.735 200
21:06:04.248 200
21:06:04.762 200
21:06:05.276 200
21:06:05.790 200
21:06:06.303 200
21:06:06.816 200
21:06:07.331 200
21:06:07.844 200
21:06:08.357 200
21:06:08.870 200
21:06:09.384 200
21:06:09.898 200
