21:26:10.425 200
21:26:10.961 200
21:26:11.476 200
21:26:11.990 200
21:26:12.503 200
21:26:13.019 200
21:26:13.528 200
21:26:14.042 200
21:26:14.556 200
21:26:15.069 200
21:26:15.582 200
21:26:16.096 200
21:26:16.612 200
21:26:17.125 200
21:26:17.639 200
21:26:18.154 200
21:26:18.669 200
21:26:19.182 200
21:26:19.695 200
21:26:20.209 200
21:26:20.724 200
21:26:21.237 200
21:26:21.750 200
21:26:22.265 200
21:26:22.778 200
21:26:23.290 200
21:26:23.803 200
21:26:24.318 200
21:26:24.833 200
21:26:25.347 200
21:26:25.861 200
21:26:26.374 200
21:26:26.888 200
21:26:27.400 200
21:26:27.913 200
21:26:28.428 200
21:26:28.941 200
21:26:29.455 200
21:26:29.968 200
21:26:30.482 200
21:26:30.995 200
21:26:31.509 200
21:26:32.023 200
21:26:32.536 200
21:26:33.049 200
21:26:33.562 200
21:26:34.075 200
21:26:34.589 200
21:26:35.102 200
21:26:35.615 200
21:26:36.128 200
21:26:36.641 200
21:26:37.154 200
21:26:37.667 200
21:26:38.180 200
21:26:38.693 200
21:26:39.206 200
21:26:39.719 200
21:26:40.232 200
21:26:40.745 200
21:26:41.259 200
21:26:41.772 200
21:26:42.285 200
21:26:42.799 200
21:26:43.304 200
21:26:43.817 200
21:26:44.331 200
21:26:44.845 200
21:26:45.363 200
21:26:45.876 200
21:26:46.389 200
21:26:46.901 200
21:26:47.414 200
21:26:47.927 200
21:26:48.442 200
21:26:48.956 200
21:26:49.469 200
21:26:49.984 200
21:26:50.499 200
21:26:51.012 200
21:26:51.525 200
21:26:52.039 200
21:26:52.552 200
21:26:53.066 200
21:26:53.579 200
21:26:54.092 200
21:26:54.605 200
21:26:55.118 200
21:26:55.633 200
21:26:56.148 200
21:26:56.662 200
21:26:57.177 200
21:26:57.691 200
21:26:58.204 200
